<?xml version="1.0" encoding="utf-8"?><testsuites><testsuite name="pytest" errors="0" failures="0" skipped="0" tests="6" time="0.117" timestamp="2023-07-20T23:06:33.194050" hostname="davalbra"><testcase classname="test_main" name="test_compute_order_cost_under_5_quantity" time="0.002" /><testcase classname="test_main" name="test_compute_order_cost_over_5_quantity" time="0.002" /><testcase classname="test_main" name="test_compute_order_cost_over_10_quantity" time="0.003" /><testcase classname="test_main" name="test_compute_order_cost_special_meal" time="0.001" /><testcase classname="test_main" name="test_compute_order_cost_total_over_50" time="0.001" /><testcase classname="test_main" name="test_compute_order_cost_total_over_100" time="0.001" /></testsuite></testsuites>